d4rt-train tag=d4rt_m62_s1234 seed=1234 steps=5000 device=cuda smoke=False
train months=276 val months=36
  data ready in 33.1s
eligible source months: 272 of 276
val: 32 eligible source months of 36; floors L0 0.506/0.113 L1 0.500/0.114 L2 0.501/0.114 L3 0.497/0.114
model d4rt: params=403,015 d=64 L=32 dec_blocks=2 ref_slots=8
step    100  loss 0.9889  lead0 1.0007  lead1-3 0.9650  lr 6.06e-05  17s
step    200  loss 1.0239  lead0 1.0582  lead1-3 0.9601  lr 1.21e-04  32s
step    300  loss 0.9461  lead0 0.9096  lead1-3 1.0450  lr 1.81e-04  48s
step    400  loss 0.9502  lead0 0.9519  lead1-3 0.9455  lr 2.41e-04  64s
step    500  loss 0.9678  lead0 0.9674  lead1-3 0.9691  lr 3.00e-04  80s
  val step    500  score 0.9815  L0 0.501/0.110 L1 0.494/0.111 L2 0.496/0.111 L3 0.492/0.111  *best* (saved)
step    600  loss 0.9739  lead0 0.9872  lead1-3 0.9318  lr 3.00e-04  123s
step    700  loss 0.9241  lead0 0.9425  lead1-3 0.8867  lr 2.99e-04  139s
step    800  loss 0.9859  lead0 1.0172  lead1-3 0.9012  lr 2.97e-04  155s
step    900  loss 1.0391  lead0 1.0159  lead1-3 1.0886  lr 2.94e-04  172s
step   1000  loss 0.9497  lead0 0.9782  lead1-3 0.8892  lr 2.91e-04  187s
  val step   1000  score 0.9528  L0 0.484/0.108 L1 0.478/0.108 L2 0.480/0.109 L3 0.475/0.108  *best* (saved)
step   1100  loss 0.9462  lead0 0.9210  lead1-3 1.0049  lr 2.87e-04  231s
step   1200  loss 0.9200  lead0 0.9155  lead1-3 0.9354  lr 2.83e-04  246s
step   1300  loss 0.9358  lead0 0.9183  lead1-3 0.9807  lr 2.78e-04  262s
step   1400  loss 0.9229  lead0 0.8946  lead1-3 0.9777  lr 2.72e-04  278s
step   1500  loss 0.8621  lead0 0.8833  lead1-3 0.8148  lr 2.66e-04  295s
  val step   1500  score 0.9099  L0 0.452/0.104 L1 0.448/0.104 L2 0.454/0.105 L3 0.455/0.104  *best* (saved)
step   1600  loss 0.8635  lead0 0.8322  lead1-3 0.9166  lr 2.59e-04  338s
step   1700  loss 0.8177  lead0 0.8101  lead1-3 0.8312  lr 2.52e-04  354s
step   1800  loss 0.8295  lead0 0.8181  lead1-3 0.8516  lr 2.44e-04  370s
step   1900  loss 0.7741  lead0 0.7585  lead1-3 0.8185  lr 2.36e-04  387s
step   2000  loss 0.7666  lead0 0.7410  lead1-3 0.8358  lr 2.27e-04  403s
  val step   2000  score 0.8728  L0 0.431/0.099 L1 0.429/0.100 L2 0.437/0.101 L3 0.440/0.100  *best* (saved)
step   2100  loss 0.7671  lead0 0.7667  lead1-3 0.7680  lr 2.19e-04  446s
step   2200  loss 0.7618  lead0 0.7320  lead1-3 0.8221  lr 2.09e-04  463s
step   2300  loss 0.7741  lead0 0.7571  lead1-3 0.8202  lr 2.00e-04  479s
step   2400  loss 0.7048  lead0 0.7001  lead1-3 0.7164  lr 1.90e-04  495s
step   2500  loss 0.6970  lead0 0.6951  lead1-3 0.7038  lr 1.80e-04  511s
  val step   2500  score 0.8277  L0 0.395/0.095 L1 0.397/0.096 L2 0.412/0.097 L3 0.421/0.097  *best* (saved)
step   2600  loss 0.6987  lead0 0.6824  lead1-3 0.7290  lr 1.70e-04  555s
step   2700  loss 0.6795  lead0 0.6727  lead1-3 0.6939  lr 1.60e-04  571s
step   2800  loss 0.6917  lead0 0.6782  lead1-3 0.7457  lr 1.50e-04  587s
step   2900  loss 0.6686  lead0 0.6552  lead1-3 0.6924  lr 1.40e-04  603s
step   3000  loss 0.6528  lead0 0.6473  lead1-3 0.6723  lr 1.30e-04  619s
  val step   3000  score 0.8047  L0 0.373/0.093 L1 0.380/0.094 L2 0.399/0.095 L3 0.413/0.096  *best* (saved)
step   3100  loss 0.6375  lead0 0.6241  lead1-3 0.6735  lr 1.20e-04  662s
step   3200  loss 0.6386  lead0 0.6172  lead1-3 0.7190  lr 1.10e-04  678s
step   3300  loss 0.6663  lead0 0.6338  lead1-3 0.7322  lr 1.01e-04  694s
step   3400  loss 0.6472  lead0 0.6521  lead1-3 0.6395  lr 9.14e-05  710s
step   3500  loss 0.6169  lead0 0.6026  lead1-3 0.6488  lr 8.25e-05  726s
  val step   3500  score 0.7854  L0 0.362/0.090 L1 0.371/0.091 L2 0.392/0.092 L3 0.408/0.093  *best* (saved)
step   3600  loss 0.6313  lead0 0.5939  lead1-3 0.7009  lr 7.39e-05  769s
step   3700  loss 0.6266  lead0 0.5876  lead1-3 0.7056  lr 6.57e-05  785s
step   3800  loss 0.6081  lead0 0.5792  lead1-3 0.6534  lr 5.80e-05  801s
step   3900  loss 0.6141  lead0 0.6017  lead1-3 0.6531  lr 5.07e-05  817s
step   4000  loss 0.5946  lead0 0.5519  lead1-3 0.6704  lr 4.39e-05  833s
  val step   4000  score 0.7723  L0 0.352/0.088 L1 0.362/0.090 L2 0.387/0.091 L3 0.405/0.092  *best* (saved)
step   4100  loss 0.6103  lead0 0.5993  lead1-3 0.6472  lr 3.77e-05  876s
step   4200  loss 0.5979  lead0 0.5851  lead1-3 0.6292  lr 3.20e-05  892s
step   4300  loss 0.6069  lead0 0.5794  lead1-3 0.6775  lr 2.70e-05  908s
step   4400  loss 0.6021  lead0 0.5981  lead1-3 0.6116  lr 2.25e-05  924s
step   4500  loss 0.6159  lead0 0.6053  lead1-3 0.6384  lr 1.87e-05  941s
  val step   4500  score 0.7660  L0 0.347/0.087 L1 0.360/0.089 L2 0.386/0.090 L3 0.405/0.091  *best* (saved)
step   4600  loss 0.5971  lead0 0.5935  lead1-3 0.6060  lr 1.56e-05  984s
step   4700  loss 0.6106  lead0 0.5801  lead1-3 0.6974  lr 1.32e-05  1000s
step   4800  loss 0.5860  lead0 0.5798  lead1-3 0.6067  lr 1.14e-05  1016s
step   4900  loss 0.5874  lead0 0.5640  lead1-3 0.6394  lr 1.04e-05  1032s
step   5000  loss 0.6152  lead0 0.5884  lead1-3 0.6671  lr 1.00e-05  1047s
  val step   5000  score 0.7640  L0 0.345/0.087 L1 0.358/0.089 L2 0.385/0.090 L3 0.405/0.091  *best* (saved)
selected checkpoint: step 5000 score 0.7640328626130293
saved /home/nvidia/ocean_project/outputs/ckpt/d4rt_m62_s1234.pt
saved /home/nvidia/ocean_project/outputs/cache/d4rt_m62_s1234.json
total 1075s
