d4rt-train tag=d4rt_full_s1234 seed=1234 steps=50000 device=cuda smoke=False
train months=276 val months=36
  data ready in 34.9s
eligible source months: 272 of 276
val: 32 eligible source months of 36; floors L0 0.506/0.113 L1 0.500/0.114 L2 0.501/0.114 L3 0.497/0.114
model d4rt: params=403,015 d=64 L=32 dec_blocks=2 ref_slots=8
step    100  loss 1.0277  lead0 1.0444  lead1-3 0.9801  lr 6.06e-05  160s
step    200  loss 1.0354  lead0 1.0411  lead1-3 1.0215  lr 1.21e-04  321s
step    300  loss 0.9327  lead0 0.9386  lead1-3 0.9190  lr 1.81e-04  478s
step    400  loss 1.0050  lead0 0.9682  lead1-3 1.0557  lr 2.41e-04  637s
step    500  loss 0.9495  lead0 0.9830  lead1-3 0.8843  lr 3.00e-04  797s
step    600  loss 0.9522  lead0 0.9535  lead1-3 0.9486  lr 3.00e-04  959s
step    700  loss 0.9888  lead0 0.9995  lead1-3 0.9650  lr 3.00e-04  1121s
step    800  loss 0.9845  lead0 1.0016  lead1-3 0.9405  lr 3.00e-04  1281s
step    900  loss 0.9474  lead0 0.9444  lead1-3 0.9570  lr 3.00e-04  1444s
step   1000  loss 0.9497  lead0 0.9611  lead1-3 0.9202  lr 3.00e-04  1603s
step   1100  loss 0.9286  lead0 0.8862  lead1-3 1.0009  lr 3.00e-04  1763s
step   1200  loss 0.8743  lead0 0.8841  lead1-3 0.8476  lr 3.00e-04  1928s
step   1300  loss 0.8132  lead0 0.8089  lead1-3 0.8233  lr 3.00e-04  2093s
step   1400  loss 0.8449  lead0 0.8332  lead1-3 0.8818  lr 3.00e-04  2256s
step   1500  loss 0.8111  lead0 0.7934  lead1-3 0.8544  lr 3.00e-04  2412s
step   1600  loss 0.8349  lead0 0.8077  lead1-3 0.8983  lr 3.00e-04  2566s
step   1700  loss 0.7533  lead0 0.7527  lead1-3 0.7542  lr 3.00e-04  2721s
step   1800  loss 0.7185  lead0 0.7181  lead1-3 0.7195  lr 3.00e-04  2879s
step   1900  loss 0.6818  lead0 0.6625  lead1-3 0.7315  lr 2.99e-04  3037s
step   2000  loss 0.6652  lead0 0.6675  lead1-3 0.6614  lr 2.99e-04  3199s
  val step   2000  score 0.8246  L0 0.391/0.093 L1 0.397/0.095 L2 0.418/0.095 L3 0.429/0.096  *best*
step   2100  loss 0.6609  lead0 0.6364  lead1-3 0.7156  lr 2.99e-04  3388s
step   2200  loss 0.6290  lead0 0.6092  lead1-3 0.6692  lr 2.99e-04  3550s
step   2300  loss 0.6125  lead0 0.5917  lead1-3 0.6568  lr 2.99e-04  3714s
step   2400  loss 0.5964  lead0 0.5806  lead1-3 0.6284  lr 2.99e-04  3876s
step   2500  loss 0.5534  lead0 0.5442  lead1-3 0.5722  lr 2.99e-04  4036s
step   2600  loss 0.5371  lead0 0.5008  lead1-3 0.6015  lr 2.99e-04  4195s
step   2700  loss 0.5306  lead0 0.5228  lead1-3 0.5527  lr 2.99e-04  4361s
step   2800  loss 0.5187  lead0 0.5022  lead1-3 0.5654  lr 2.98e-04  4519s
step   2900  loss 0.5025  lead0 0.4705  lead1-3 0.5645  lr 2.98e-04  4683s
step   3000  loss 0.4769  lead0 0.4523  lead1-3 0.5469  lr 2.98e-04  4844s
step   3100  loss 0.4746  lead0 0.4375  lead1-3 0.5536  lr 2.98e-04  5005s
step   3200  loss 0.4443  lead0 0.4021  lead1-3 0.5382  lr 2.98e-04  5166s
step   3300  loss 0.4389  lead0 0.4136  lead1-3 0.5108  lr 2.98e-04  5330s
step   3400  loss 0.4444  lead0 0.3969  lead1-3 0.5253  lr 2.98e-04  5494s
step   3500  loss 0.4517  lead0 0.4204  lead1-3 0.5323  lr 2.97e-04  5650s
step   3600  loss 0.4417  lead0 0.4027  lead1-3 0.4913  lr 2.97e-04  5813s
step   3700  loss 0.4265  lead0 0.4128  lead1-3 0.4557  lr 2.97e-04  5974s
step   3800  loss 0.4501  lead0 0.4242  lead1-3 0.4982  lr 2.97e-04  6132s
step   3900  loss 0.4373  lead0 0.3950  lead1-3 0.5361  lr 2.97e-04  6291s
step   4000  loss 0.4200  lead0 0.3923  lead1-3 0.4848  lr 2.96e-04  6448s
  val step   4000  score 0.6409  L0 0.270/0.064 L1 0.305/0.070 L2 0.353/0.074 L3 0.383/0.078  *best*
step   4100  loss 0.3964  lead0 0.3612  lead1-3 0.4680  lr 2.96e-04  6634s
step   4200  loss 0.4524  lead0 0.4121  lead1-3 0.5341  lr 2.96e-04  6792s
step   4300  loss 0.4174  lead0 0.3959  lead1-3 0.4819  lr 2.96e-04  6954s
step   4400  loss 0.4490  lead0 0.4113  lead1-3 0.5331  lr 2.96e-04  7109s
step   4500  loss 0.4130  lead0 0.3747  lead1-3 0.5066  lr 2.95e-04  7273s
step   4600  loss 0.4355  lead0 0.3966  lead1-3 0.5264  lr 2.95e-04  7433s
step   4700  loss 0.4268  lead0 0.3893  lead1-3 0.4997  lr 2.95e-04  7590s
step   4800  loss 0.3878  lead0 0.3467  lead1-3 0.5048  lr 2.95e-04  7752s
step   4900  loss 0.3869  lead0 0.3609  lead1-3 0.4474  lr 2.94e-04  7915s
step   5000  loss 0.4135  lead0 0.3881  lead1-3 0.4985  lr 2.94e-04  8071s
step   5100  loss 0.4120  lead0 0.3680  lead1-3 0.5252  lr 2.94e-04  8230s
step   5200  loss 0.4333  lead0 0.3962  lead1-3 0.5197  lr 2.94e-04  8386s
step   5300  loss 0.4122  lead0 0.3839  lead1-3 0.4814  lr 2.93e-04  8544s
step   5400  loss 0.4077  lead0 0.3609  lead1-3 0.5118  lr 2.93e-04  8704s
step   5500  loss 0.4107  lead0 0.3700  lead1-3 0.4864  lr 2.93e-04  8865s
step   5600  loss 0.3958  lead0 0.3705  lead1-3 0.4494  lr 2.92e-04  9022s
step   5700  loss 0.4103  lead0 0.3849  lead1-3 0.4668  lr 2.92e-04  9179s
step   5800  loss 0.4159  lead0 0.3846  lead1-3 0.5004  lr 2.92e-04  9334s
step   5900  loss 0.3754  lead0 0.3421  lead1-3 0.4701  lr 2.92e-04  9497s
step   6000  loss 0.4027  lead0 0.3797  lead1-3 0.4647  lr 2.91e-04  9654s
  val step   6000  score 0.6162  L0 0.253/0.060 L1 0.294/0.066 L2 0.344/0.071 L3 0.375/0.076  *best*
step   6100  loss 0.3957  lead0 0.3642  lead1-3 0.4597  lr 2.91e-04  9839s
step   6200  loss 0.3678  lead0 0.3341  lead1-3 0.4502  lr 2.91e-04  10001s
step   6300  loss 0.3667  lead0 0.3427  lead1-3 0.4472  lr 2.90e-04  10159s
step   6400  loss 0.4026  lead0 0.3632  lead1-3 0.5090  lr 2.90e-04  10316s
step   6500  loss 0.4030  lead0 0.3522  lead1-3 0.5111  lr 2.90e-04  10472s
step   6600  loss 0.3883  lead0 0.3328  lead1-3 0.5243  lr 2.89e-04  10628s
step   6700  loss 0.4087  lead0 0.3650  lead1-3 0.4898  lr 2.89e-04  10787s
step   6800  loss 0.3602  lead0 0.3228  lead1-3 0.4435  lr 2.89e-04  10953s
step   6900  loss 0.3834  lead0 0.3478  lead1-3 0.4495  lr 2.88e-04  11113s
step   7000  loss 0.3728  lead0 0.3380  lead1-3 0.4582  lr 2.88e-04  11277s
step   7100  loss 0.3712  lead0 0.3268  lead1-3 0.4912  lr 2.87e-04  11435s
step   7200  loss 0.3858  lead0 0.3451  lead1-3 0.4764  lr 2.87e-04  11594s
step   7300  loss 0.3971  lead0 0.3632  lead1-3 0.4550  lr 2.87e-04  11745s
step   7400  loss 0.3541  lead0 0.3348  lead1-3 0.4310  lr 2.86e-04  11910s
step   7500  loss 0.3812  lead0 0.3255  lead1-3 0.4894  lr 2.86e-04  12073s
step   7600  loss 0.3800  lead0 0.3440  lead1-3 0.4567  lr 2.86e-04  12233s
step   7700  loss 0.3626  lead0 0.3300  lead1-3 0.4136  lr 2.85e-04  12396s
step   7800  loss 0.3683  lead0 0.3322  lead1-3 0.4353  lr 2.85e-04  12555s
step   7900  loss 0.3935  lead0 0.3519  lead1-3 0.4861  lr 2.84e-04  12712s
step   8000  loss 0.3800  lead0 0.3464  lead1-3 0.4516  lr 2.84e-04  12874s
  val step   8000  score 0.6104  L0 0.253/0.058 L1 0.294/0.064 L2 0.344/0.070 L3 0.374/0.076  *best*
step   8100  loss 0.3600  lead0 0.3177  lead1-3 0.4939  lr 2.83e-04  13065s
step   8200  loss 0.3719  lead0 0.3364  lead1-3 0.4379  lr 2.83e-04  13227s
step   8300  loss 0.3608  lead0 0.3301  lead1-3 0.4438  lr 2.83e-04  13388s
step   8400  loss 0.3667  lead0 0.3159  lead1-3 0.4571  lr 2.82e-04  13550s
step   8500  loss 0.3475  lead0 0.3113  lead1-3 0.4244  lr 2.82e-04  13712s
step   8600  loss 0.3536  lead0 0.3255  lead1-3 0.4590  lr 2.81e-04  13864s
step   8700  loss 0.3517  lead0 0.3253  lead1-3 0.4572  lr 2.81e-04  14021s
step   8800  loss 0.3856  lead0 0.3367  lead1-3 0.4848  lr 2.80e-04  14178s
step   8900  loss 0.3792  lead0 0.3295  lead1-3 0.4757  lr 2.80e-04  14330s
step   9000  loss 0.3573  lead0 0.3286  lead1-3 0.4389  lr 2.79e-04  14485s
step   9100  loss 0.3511  lead0 0.3079  lead1-3 0.4471  lr 2.79e-04  14644s
step   9200  loss 0.3839  lead0 0.3335  lead1-3 0.4698  lr 2.78e-04  14797s
step   9300  loss 0.3490  lead0 0.3287  lead1-3 0.4252  lr 2.78e-04  14949s
step   9400  loss 0.3698  lead0 0.3008  lead1-3 0.5036  lr 2.77e-04  15106s
step   9500  loss 0.3774  lead0 0.3273  lead1-3 0.5200  lr 2.77e-04  15259s
step   9600  loss 0.3591  lead0 0.3222  lead1-3 0.4453  lr 2.76e-04  15417s
step   9700  loss 0.3593  lead0 0.3163  lead1-3 0.4598  lr 2.76e-04  15579s
step   9800  loss 0.3739  lead0 0.3604  lead1-3 0.4086  lr 2.75e-04  15728s
step   9900  loss 0.3596  lead0 0.3262  lead1-3 0.4500  lr 2.75e-04  15883s
step  10000  loss 0.3663  lead0 0.3056  lead1-3 0.4742  lr 2.74e-04  16041s
  val step  10000  score 0.6035  L0 0.250/0.056 L1 0.291/0.063 L2 0.340/0.070 L3 0.372/0.075  *best*
step  10100  loss 0.3492  lead0 0.3066  lead1-3 0.4216  lr 2.74e-04  16227s
step  10200  loss 0.3681  lead0 0.3071  lead1-3 0.4675  lr 2.73e-04  16385s
step  10300  loss 0.3745  lead0 0.3333  lead1-3 0.4447  lr 2.73e-04  16536s
step  10400  loss 0.3566  lead0 0.3146  lead1-3 0.4419  lr 2.72e-04  16694s
step  10500  loss 0.3430  lead0 0.3167  lead1-3 0.4482  lr 2.72e-04  16852s
step  10600  loss 0.3593  lead0 0.3064  lead1-3 0.4534  lr 2.71e-04  17006s
step  10700  loss 0.3567  lead0 0.3249  lead1-3 0.4212  lr 2.71e-04  17164s
step  10800  loss 0.3552  lead0 0.3201  lead1-3 0.4502  lr 2.70e-04  17317s
step  10900  loss 0.3638  lead0 0.3269  lead1-3 0.4636  lr 2.70e-04  17472s
step  11000  loss 0.3552  lead0 0.3195  lead1-3 0.4424  lr 2.69e-04  17624s
step  11100  loss 0.3457  lead0 0.3205  lead1-3 0.4138  lr 2.68e-04  17776s
step  11200  loss 0.3557  lead0 0.3143  lead1-3 0.4622  lr 2.68e-04  17928s
step  11300  loss 0.3495  lead0 0.3113  lead1-3 0.4703  lr 2.67e-04  18085s
step  11400  loss 0.3460  lead0 0.3043  lead1-3 0.4431  lr 2.67e-04  18243s
step  11500  loss 0.3487  lead0 0.3007  lead1-3 0.4608  lr 2.66e-04  18400s
step  11600  loss 0.3442  lead0 0.3187  lead1-3 0.4068  lr 2.65e-04  18554s
step  11700  loss 0.3495  lead0 0.3209  lead1-3 0.4573  lr 2.65e-04  18706s
step  11800  loss 0.3535  lead0 0.3176  lead1-3 0.4507  lr 2.64e-04  18860s
step  11900  loss 0.3498  lead0 0.3087  lead1-3 0.4115  lr 2.64e-04  19015s
step  12000  loss 0.3572  lead0 0.3275  lead1-3 0.4374  lr 2.63e-04  19161s
  val step  12000  score 0.5942  L0 0.241/0.055 L1 0.285/0.063 L2 0.338/0.069 L3 0.369/0.074  *best*
step  12100  loss 0.3489  lead0 0.3219  lead1-3 0.4221  lr 2.62e-04  19343s
step  12200  loss 0.3844  lead0 0.3372  lead1-3 0.4722  lr 2.62e-04  19495s
step  12300  loss 0.3414  lead0 0.3062  lead1-3 0.4277  lr 2.61e-04  19648s
step  12400  loss 0.3510  lead0 0.3230  lead1-3 0.4163  lr 2.61e-04  19797s
step  12500  loss 0.3626  lead0 0.3308  lead1-3 0.4693  lr 2.60e-04  19950s
step  12600  loss 0.3641  lead0 0.3258  lead1-3 0.4534  lr 2.59e-04  20100s
step  12700  loss 0.3414  lead0 0.2932  lead1-3 0.4439  lr 2.59e-04  20253s
step  12800  loss 0.3695  lead0 0.3243  lead1-3 0.4656  lr 2.58e-04  20410s
step  12900  loss 0.3348  lead0 0.3096  lead1-3 0.4029  lr 2.57e-04  20568s
step  13000  loss 0.3580  lead0 0.3053  lead1-3 0.4809  lr 2.57e-04  20723s
step  13100  loss 0.3501  lead0 0.3121  lead1-3 0.4273  lr 2.56e-04  20880s
step  13200  loss 0.3491  lead0 0.3146  lead1-3 0.4583  lr 2.55e-04  21033s
step  13300  loss 0.3520  lead0 0.2938  lead1-3 0.4878  lr 2.55e-04  21189s
step  13400  loss 0.3745  lead0 0.3499  lead1-3 0.4148  lr 2.54e-04  21340s
step  13500  loss 0.3193  lead0 0.2901  lead1-3 0.4168  lr 2.53e-04  21492s
step  13600  loss 0.3655  lead0 0.3111  lead1-3 0.4440  lr 2.53e-04  21647s
step  13700  loss 0.3471  lead0 0.3040  lead1-3 0.4386  lr 2.52e-04  21802s
step  13800  loss 0.3452  lead0 0.3104  lead1-3 0.4444  lr 2.51e-04  21955s
step  13900  loss 0.3604  lead0 0.3308  lead1-3 0.4492  lr 2.51e-04  22105s
step  14000  loss 0.3618  lead0 0.3121  lead1-3 0.4583  lr 2.50e-04  22260s
  val step  14000  score 0.5932  L0 0.240/0.055 L1 0.284/0.063 L2 0.334/0.069 L3 0.366/0.075  *best*
step  14100  loss 0.3375  lead0 0.2823  lead1-3 0.4728  lr 2.49e-04  22439s
step  14200  loss 0.3535  lead0 0.3212  lead1-3 0.4325  lr 2.49e-04  22594s
step  14300  loss 0.3278  lead0 0.2901  lead1-3 0.4247  lr 2.48e-04  22752s
step  14400  loss 0.3489  lead0 0.2923  lead1-3 0.4494  lr 2.47e-04  22909s
step  14500  loss 0.3665  lead0 0.3245  lead1-3 0.4559  lr 2.46e-04  23061s
step  14600  loss 0.3367  lead0 0.3082  lead1-3 0.3897  lr 2.46e-04  23217s
step  14700  loss 0.3127  lead0 0.2824  lead1-3 0.4087  lr 2.45e-04  23376s
step  14800  loss 0.3271  lead0 0.2978  lead1-3 0.3892  lr 2.44e-04  23533s
step  14900  loss 0.3384  lead0 0.2993  lead1-3 0.4049  lr 2.44e-04  23686s
step  15000  loss 0.3255  lead0 0.2812  lead1-3 0.4240  lr 2.43e-04  23843s
step  15100  loss 0.3333  lead0 0.3018  lead1-3 0.4279  lr 2.42e-04  23994s
step  15200  loss 0.3363  lead0 0.2976  lead1-3 0.4309  lr 2.41e-04  24151s
step  15300  loss 0.3310  lead0 0.2948  lead1-3 0.4396  lr 2.41e-04  24305s
step  15400  loss 0.3326  lead0 0.2886  lead1-3 0.4353  lr 2.40e-04  24462s
step  15500  loss 0.3642  lead0 0.3210  lead1-3 0.4443  lr 2.39e-04  24611s
step  15600  loss 0.3204  lead0 0.2957  lead1-3 0.3839  lr 2.38e-04  24773s
step  15700  loss 0.3323  lead0 0.3020  lead1-3 0.4103  lr 2.38e-04  24929s
step  15800  loss 0.3170  lead0 0.2678  lead1-3 0.4266  lr 2.37e-04  25090s
step  15900  loss 0.3235  lead0 0.2871  lead1-3 0.4268  lr 2.36e-04  25246s
step  16000  loss 0.3316  lead0 0.2928  lead1-3 0.4419  lr 2.35e-04  25404s
  val step  16000  score 0.5885  L0 0.238/0.054 L1 0.283/0.062 L2 0.334/0.068 L3 0.367/0.074  *best*
step  16100  loss 0.2993  lead0 0.2804  lead1-3 0.3701  lr 2.35e-04  25589s
step  16200  loss 0.3352  lead0 0.3057  lead1-3 0.4190  lr 2.34e-04  25740s
step  16300  loss 0.3464  lead0 0.3097  lead1-3 0.4115  lr 2.33e-04  25893s
step  16400  loss 0.3399  lead0 0.3006  lead1-3 0.4162  lr 2.32e-04  26047s
step  16500  loss 0.3492  lead0 0.3158  lead1-3 0.4235  lr 2.31e-04  26200s
step  16600  loss 0.3299  lead0 0.2940  lead1-3 0.4178  lr 2.31e-04  26355s
step  16700  loss 0.3482  lead0 0.3094  lead1-3 0.4305  lr 2.30e-04  26512s
step  16800  loss 0.3352  lead0 0.3182  lead1-3 0.3953  lr 2.29e-04  26662s
step  16900  loss 0.3226  lead0 0.2714  lead1-3 0.4316  lr 2.28e-04  26819s
step  17000  loss 0.3301  lead0 0.2929  lead1-3 0.4622  lr 2.27e-04  26973s
step  17100  loss 0.3381  lead0 0.2958  lead1-3 0.4240  lr 2.27e-04  27127s
step  17200  loss 0.3246  lead0 0.2882  lead1-3 0.4056  lr 2.26e-04  27279s
step  17300  loss 0.2967  lead0 0.2826  lead1-3 0.3917  lr 2.25e-04  27434s
step  17400  loss 0.3294  lead0 0.2871  lead1-3 0.4115  lr 2.24e-04  27591s
step  17500  loss 0.3233  lead0 0.2900  lead1-3 0.4050  lr 2.23e-04  27745s
step  17600  loss 0.3381  lead0 0.2790  lead1-3 0.4479  lr 2.23e-04  27901s
step  17700  loss 0.3245  lead0 0.2781  lead1-3 0.4382  lr 2.22e-04  28056s
step  17800  loss 0.3148  lead0 0.2959  lead1-3 0.3716  lr 2.21e-04  28212s
step  17900  loss 0.3498  lead0 0.3047  lead1-3 0.4415  lr 2.20e-04  28363s
step  18000  loss 0.3297  lead0 0.2898  lead1-3 0.4276  lr 2.19e-04  28517s
  val step  18000  score 0.5859  L0 0.236/0.054 L1 0.283/0.062 L2 0.332/0.068 L3 0.365/0.074  *best*
step  18100  loss 0.3410  lead0 0.2969  lead1-3 0.4228  lr 2.19e-04  28698s
step  18200  loss 0.3402  lead0 0.2758  lead1-3 0.4770  lr 2.18e-04  28849s
step  18300  loss 0.3320  lead0 0.3034  lead1-3 0.4021  lr 2.17e-04  29001s
step  18400  loss 0.3401  lead0 0.3030  lead1-3 0.4309  lr 2.16e-04  29154s
step  18500  loss 0.3316  lead0 0.2947  lead1-3 0.4066  lr 2.15e-04  29306s
step  18600  loss 0.3536  lead0 0.3100  lead1-3 0.4189  lr 2.14e-04  29454s
step  18700  loss 0.3188  lead0 0.2795  lead1-3 0.4197  lr 2.14e-04  29603s
step  18800  loss 0.3235  lead0 0.2885  lead1-3 0.4285  lr 2.13e-04  29754s
step  18900  loss 0.3184  lead0 0.2719  lead1-3 0.3975  lr 2.12e-04  29907s
step  19000  loss 0.3249  lead0 0.2917  lead1-3 0.4100  lr 2.11e-04  30062s
step  19100  loss 0.3379  lead0 0.2884  lead1-3 0.4222  lr 2.10e-04  30218s
step  19200  loss 0.3622  lead0 0.3048  lead1-3 0.4600  lr 2.09e-04  30368s
step  19300  loss 0.3278  lead0 0.2948  lead1-3 0.4218  lr 2.08e-04  30519s
step  19400  loss 0.3470  lead0 0.2846  lead1-3 0.4858  lr 2.08e-04  30667s
step  19500  loss 0.3393  lead0 0.2818  lead1-3 0.4414  lr 2.07e-04  30818s
step  19600  loss 0.3099  lead0 0.2752  lead1-3 0.3991  lr 2.06e-04  30972s
step  19700  loss 0.3293  lead0 0.2892  lead1-3 0.4038  lr 2.05e-04  31126s
step  19800  loss 0.3231  lead0 0.2775  lead1-3 0.4404  lr 2.04e-04  31279s
step  19900  loss 0.3172  lead0 0.2845  lead1-3 0.3934  lr 2.03e-04  31433s
step  20000  loss 0.3320  lead0 0.3054  lead1-3 0.3885  lr 2.02e-04  31588s
  val step  20000  score 0.5847  L0 0.236/0.053 L1 0.282/0.061 L2 0.334/0.068 L3 0.367/0.073  *best*
step  20100  loss 0.3359  lead0 0.2899  lead1-3 0.4486  lr 2.02e-04  31766s
step  20200  loss 0.3319  lead0 0.2927  lead1-3 0.4233  lr 2.01e-04  31917s
step  20300  loss 0.3206  lead0 0.2841  lead1-3 0.3983  lr 2.00e-04  32073s
step  20400  loss 0.3196  lead0 0.2632  lead1-3 0.3913  lr 1.99e-04  32228s
step  20500  loss 0.3237  lead0 0.2833  lead1-3 0.4136  lr 1.98e-04  32385s
step  20600  loss 0.3120  lead0 0.2753  lead1-3 0.4112  lr 1.97e-04  32543s
step  20700  loss 0.3009  lead0 0.2691  lead1-3 0.4138  lr 1.96e-04  32697s
step  20800  loss 0.3221  lead0 0.2741  lead1-3 0.4155  lr 1.95e-04  32851s
step  20900  loss 0.2988  lead0 0.2694  lead1-3 0.4033  lr 1.95e-04  33005s
step  21000  loss 0.3205  lead0 0.2778  lead1-3 0.4155  lr 1.94e-04  33157s
step  21100  loss 0.3164  lead0 0.2642  lead1-3 0.4133  lr 1.93e-04  33313s
step  21200  loss 0.3294  lead0 0.2872  lead1-3 0.4112  lr 1.92e-04  33464s
step  21300  loss 0.3164  lead0 0.2810  lead1-3 0.4074  lr 1.91e-04  33616s
step  21400  loss 0.3299  lead0 0.2813  lead1-3 0.4333  lr 1.90e-04  33768s
step  21500  loss 0.3062  lead0 0.2782  lead1-3 0.3900  lr 1.89e-04  33923s
step  21600  loss 0.3148  lead0 0.2819  lead1-3 0.3996  lr 1.88e-04  34078s
step  21700  loss 0.2998  lead0 0.2607  lead1-3 0.4001  lr 1.87e-04  34234s
step  21800  loss 0.3298  lead0 0.2970  lead1-3 0.4139  lr 1.86e-04  34385s
step  21900  loss 0.3303  lead0 0.2971  lead1-3 0.4117  lr 1.86e-04  34536s
step  22000  loss 0.3281  lead0 0.2948  lead1-3 0.3988  lr 1.85e-04  34685s
  val step  22000  score 0.5774  L0 0.235/0.053 L1 0.280/0.060 L2 0.327/0.067 L3 0.361/0.072  *best*
